Analyzing mobile...                                             

   info - Use an initializing formal to assign a parameter to a field. Try using an initialing formal ('this._tokenStore') to initialize the field - lib\core\api_client.dart:27:9 - prefer_initializing_formals
   info - Use an initializing formal to assign a parameter to a field. Try using an initialing formal ('this._onUnauthorized') to initialize the field - lib\core\api_client.dart:28:9 - prefer_initializing_formals
   info - Unnecessary use of multiple underscores. Try using '_' - lib\core\router.dart:55:22 - unnecessary_underscores
   info - Unnecessary use of multiple underscores. Try using '_' - lib\core\router.dart:71:26 - unnecessary_underscores
   info - Unnecessary use of multiple underscores. Try using '_' - lib\core\router.dart:83:30 - unnecessary_underscores
   info - Unnecessary use of multiple underscores. Try using '_' - lib\core\router.dart:87:34 - unnecessary_underscores
   info - Unnecessary use of multiple underscores. Try using '_' - lib\core\router.dart:104:30 - unnecessary_underscores
   info - Unnecessary use of multiple underscores. Try using '_' - lib\core\router.dart:120:30 - unnecessary_underscores
   info - Unnecessary use of multiple underscores. Try using '_' - lib\core\router.dart:124:34 - unnecessary_underscores
   info - Unnecessary use of multiple underscores. Try using '_' - lib\core\router.dart:129:36 - unnecessary_underscores
   info - Unnecessary use of multiple underscores. Try using '_' - lib\core\router.dart:144:30 - unnecessary_underscores
   info - Unnecessary use of multiple underscores. Try using '_' - lib\core\router.dart:148:34 - unnecessary_underscores
   info - Unnecessary use of multiple underscores. Try using '_' - lib\core\router.dart:152:34 - unnecessary_underscores
   info - Unnecessary use of multiple underscores. Try using '_' - lib\core\router.dart:156:34 - unnecessary_underscores
   info - Unnecessary use of multiple underscores. Try using '_' - lib\core\router.dart:160:34 - unnecessary_underscores
   info - Unnecessary use of multiple underscores. Try using '_' - lib\core\router.dart:164:34 - unnecessary_underscores
   info - Unnecessary use of multiple underscores. Try using '_' - lib\core\router.dart:168:34 - unnecessary_underscores
   info - Unnecessary use of multiple underscores. Try using '_' - lib\core\router.dart:172:34 - unnecessary_underscores
   info - Unnecessary use of multiple underscores. Try using '_' - lib\core\router.dart:182:22 - unnecessary_underscores
   info - Unnecessary use of multiple underscores. Try using '_' - lib\core\router.dart:186:22 - unnecessary_underscores
   info - Unnecessary use of multiple underscores. Try using '_' - lib\core\router.dart:209:44 - unnecessary_underscores
   info - 'value' is deprecated and shouldn't be used. Use initialValue instead. This will set the initial value for the form field. This feature was deprecated after v3.33.0-1.0.pre. Try replacing the use of the deprecated member with the replacement - lib\features\account\account_screens.dart:363:25 - deprecated_member_use
   info - 'value' is deprecated and shouldn't be used. Use initialValue instead. This will set the initial value for the form field. This feature was deprecated after v3.33.0-1.0.pre. Try replacing the use of the deprecated member with the replacement - lib\features\account\account_screens.dart:376:25 - deprecated_member_use
   info - 'value' is deprecated and shouldn't be used. Use initialValue instead. This will set the initial value for the form field. This feature was deprecated after v3.33.0-1.0.pre. Try replacing the use of the deprecated member with the replacement - lib\features\account\account_screens.dart:427:25 - deprecated_member_use
   info - Don't use 'BuildContext's across async gaps, guarded by an unrelated 'mounted' check. Guard a 'State.context' use with a 'mounted' check on the State, and other BuildContext use with a 'mounted' check on the BuildContext - lib\features\account\account_screens.dart:470:40 - use_build_context_synchronously
   info - Unnecessary use of multiple underscores. Try using '_' - lib\features\chat\chat_screens.dart:142:43 - unnecessary_underscores
   info - Unnecessary use of multiple underscores. Try using '_' - lib\features\chat\chat_screens.dart:553:33 - unnecessary_underscores
   info - Unnecessary use of multiple underscores. Try using '_' - lib\features\quick_start\quick_start_screens.dart:142:30 - unnecessary_underscores
   info - Unnecessary use of multiple underscores. Try using '_' - lib\features\studios\studios_screens.dart:449:35 - unnecessary_underscores
  error - Target of URI doesn't exist: '../core/theme.dart'. Try creating the file referenced by the URI, or try using a URI for a file that does exist - lib\shared\widgets\ui.dart:5:8 - uri_does_not_exist
  error - Invalid constant value - lib\shared\widgets\ui.dart:19:20 - invalid_constant
  error - The values in a const list literal must be constants. Try removing the keyword 'const' from the list literal - lib\shared\widgets\ui.dart:19:20 - non_constant_list_element
  error - Undefined name 'PigptColors'. Try correcting the name to one that is defined, or defining the name - lib\shared\widgets\ui.dart:19:20 - undefined_identifier
  error - The values in a const list literal must be constants. Try removing the keyword 'const' from the list literal - lib\shared\widgets\ui.dart:19:43 - non_constant_list_element
  error - Undefined name 'PigptColors'. Try correcting the name to one that is defined, or defining the name - lib\shared\widgets\ui.dart:19:43 - undefined_identifier
  error - Undefined name 'PigptColors'. Try correcting the name to one that is defined, or defining the name - lib\shared\widgets\ui.dart:26:20 - undefined_identifier
  error - Undefined name 'PigptColors'. Try correcting the name to one that is defined, or defining the name - lib\shared\widgets\ui.dart:66:15 - undefined_identifier
  error - Undefined name 'PigptColors'. Try correcting the name to one that is defined, or defining the name - lib\shared\widgets\ui.dart:71:17 - undefined_identifier
  error - Undefined name 'PigptColors'. Try correcting the name to one that is defined, or defining the name - lib\shared\widgets\ui.dart:123:32 - undefined_identifier
   info - Use the null-aware marker '?' rather than a null check via an 'if'. Try using '?' - lib\shared\widgets\ui.dart:130:9 - use_null_aware_elements
  error - Undefined name 'PigptColors'. Try correcting the name to one that is defined, or defining the name - lib\shared\widgets\ui.dart:173:30 - undefined_identifier
  error - Undefined name 'PigptColors'. Try correcting the name to one that is defined, or defining the name - lib\shared\widgets\ui.dart:197:16 - undefined_identifier
  error - Invalid constant value - lib\shared\widgets\ui.dart:203:18 - invalid_constant
  error - Undefined name 'PigptColors'. Try correcting the name to one that is defined, or defining the name - lib\shared\widgets\ui.dart:203:18 - undefined_identifier
  error - Undefined name 'PigptColors'. Try correcting the name to one that is defined, or defining the name - lib\shared\widgets\ui.dart:240:30 - undefined_identifier
  error - Undefined name 'PigptColors'. Try correcting the name to one that is defined, or defining the name - lib\shared\widgets\ui.dart:240:52 - undefined_identifier
  error - Undefined name 'PigptColors'. Try correcting the name to one that is defined, or defining the name - lib\shared\widgets\ui.dart:260:34 - undefined_identifier
  error - Undefined name 'PigptColors'. Try correcting the name to one that is defined, or defining the name - lib\shared\widgets\ui.dart:287:35 - undefined_identifier
  error - Invalid constant value - lib\shared\widgets\ui.dart:301:26 - invalid_constant
  error - Undefined name 'PigptColors'. Try correcting the name to one that is defined, or defining the name - lib\shared\widgets\ui.dart:301:26 - undefined_identifier

flutter : 50 issues found. (ran in 126.7s)
At C:\Users\Administrator\AppData\Local\Temp\2\ps-script-98975d26-26fa-4103-a457-88e70a4ac162.ps1:78 char:1
+ flutter analyze --no-fatal-infos 2>&1 | Out-File -FilePath C:\MyServe ...
+ ~~~~~~~~~~~~~~~~~~~~~~~~~~~~~~~~~~~~~
    + CategoryInfo          : NotSpecified: (50 issues found. (ran in 126.7s):String) [], RemoteException
    + FullyQualifiedErrorId : NativeCommandError
 
